<html>
<body>
<pre>
<h1>µVision Build Log</h1>
<h2>Project:</h2>
C:\Users\Varsha\Desktop\extra\exp2\exp2.uvproj
Project File Date:  07/12/2023

<h2>Output:</h2>
Build target 'Target 1'
assembling exp2.s...
exp2.s(17): warning: A1581W: Added 2 bytes of padding at address 0x1e
linking...
exp2.sct(8): warning: L6314W: No section matches pattern *(InRoot$$Sections).
Program Size: Code=36 RO-data=8 RW-data=0 ZI-data=0  
FromELF: creating hex file...
"exp2.axf" - 0 Error(s), 2 Warning(s).
